// Jest Snapshot v1, https://goo.gl/fbAQLP

exports[`<AsideRight/> Component rendering correctly with no shapes 1`] = `
<styled.div>
  <styled.div />
</styled.div>
`;
